0 verbose cli /Users/jb/.nvm/versions/node/v22.19.0/bin/node /Users/jb/.nvm/versions/node/v22.19.0/bin/npm
1 info using npm@11.6.2
2 info using node@v22.19.0
3 silly config load:file:/Users/jb/.nvm/versions/node/v22.19.0/lib/node_modules/npm/npmrc
4 silly config load:file:/Users/jb/Documents/digemaggies/.npmrc
5 silly config load:file:/Users/jb/.npmrc
6 silly config load:file:/Users/jb/.nvm/versions/node/v22.19.0/etc/npmrc
7 verbose title npm install vite @vitejs/plugin-react
8 verbose argv "install" "--save-dev" "vite" "@vitejs/plugin-react" "--cache" "./tmp-npm-cache"
9 verbose logfile logs-max:10 dir:/Users/jb/Documents/digemaggies/tmp-npm-cache/_logs/2026-08-26T16_15_39_202Z-
10 verbose logfile /Users/jb/Documents/digemaggies/tmp-npm-cache/_logs/2026-08-26T16_15_39_202Z-debug-0.log
11 silly logfile done cleaning log files
12 silly packumentCache heap:2197815296 maxSize:549453824 maxEntrySize:274726912
13 silly idealTree buildDeps
14 silly fetch manifest vite@*
15 silly packumentCache full:https://registry.npmjs.org/vite cache-miss
16 verbose shrinkwrap failed to load node_modules/.package-lock.json out of date, updated: node_modules
17 http fetch GET 200 https://registry.npmjs.org/npm 212ms
18 http fetch GET 200 https://registry.npmjs.org/vite 1286ms (cache miss)
19 silly packumentCache full:https://registry.npmjs.org/vite set size:undefined disposed:false
20 silly fetch manifest @types/node@^20.19.0 || >=22.12.0
21 silly packumentCache full:https://registry.npmjs.org/@types%2fnode cache-miss
22 http fetch GET 200 https://registry.npmjs.org/@types%2fnode 562ms (cache miss)
23 silly packumentCache full:https://registry.npmjs.org/@types%2fnode set size:undefined disposed:false
24 silly fetch manifest @vitejs/devtools@^0.4.0 || ^0.5.0
25 silly packumentCache full:https://registry.npmjs.org/@vitejs%2fdevtools cache-miss
26 http fetch GET 200 https://registry.npmjs.org/@vitejs%2fdevtools 60ms (cache miss)
27 silly packumentCache full:https://registry.npmjs.org/@vitejs%2fdevtools set size:undefined disposed:false
28 silly fetch manifest @vitejs/devtools-oxc@^0.5.2
29 silly packumentCache full:https://registry.npmjs.org/@vitejs%2fdevtools-oxc cache-miss
30 http fetch GET 200 https://registry.npmjs.org/@vitejs%2fdevtools-oxc 75ms (cache miss)
31 silly packumentCache full:https://registry.npmjs.org/@vitejs%2fdevtools-oxc set size:undefined disposed:false
32 silly fetch manifest @vitejs/devtools-rolldown@^0.5.2
33 silly packumentCache full:https://registry.npmjs.org/@vitejs%2fdevtools-rolldown cache-miss
34 http fetch GET 200 https://registry.npmjs.org/@vitejs%2fdevtools-rolldown 50ms (cache miss)
35 silly packumentCache full:https://registry.npmjs.org/@vitejs%2fdevtools-rolldown set size:undefined disposed:false
36 silly fetch manifest @vitejs/devtools-vite@^0.5.2
37 silly packumentCache full:https://registry.npmjs.org/@vitejs%2fdevtools-vite cache-miss
38 http fetch GET 200 https://registry.npmjs.org/@vitejs%2fdevtools-vite 85ms (cache miss)
39 silly packumentCache full:https://registry.npmjs.org/@vitejs%2fdevtools-vite set size:undefined disposed:false
40 silly fetch manifest @vitejs/devtools-vitest@^0.5.2
41 silly packumentCache full:https://registry.npmjs.org/@vitejs%2fdevtools-vitest cache-miss
42 http fetch GET 200 https://registry.npmjs.org/@vitejs%2fdevtools-vitest 141ms (cache miss)
43 silly packumentCache full:https://registry.npmjs.org/@vitejs%2fdevtools-vitest set size:undefined disposed:false
44 silly fetch manifest vitest@*
45 silly packumentCache full:https://registry.npmjs.org/vitest cache-miss
46 http fetch GET 200 https://registry.npmjs.org/vitest 132ms (cache miss)
47 silly packumentCache full:https://registry.npmjs.org/vitest set size:undefined disposed:false
48 silly fetch manifest @edge-runtime/vm@*
49 silly packumentCache full:https://registry.npmjs.org/@edge-runtime%2fvm cache-miss
50 http fetch GET 200 https://registry.npmjs.org/@edge-runtime%2fvm 61ms (cache miss)
51 silly packumentCache full:https://registry.npmjs.org/@edge-runtime%2fvm set size:undefined disposed:false
52 silly fetch manifest @opentelemetry/api@^1.9.0
53 silly packumentCache full:https://registry.npmjs.org/@opentelemetry%2fapi cache-miss
54 http fetch GET 200 https://registry.npmjs.org/@opentelemetry%2fapi 125ms (cache miss)
55 silly packumentCache full:https://registry.npmjs.org/@opentelemetry%2fapi set size:undefined disposed:false
56 silly fetch manifest @vitest/browser-playwright@4.1.11
57 silly packumentCache full:https://registry.npmjs.org/@vitest%2fbrowser-playwright cache-miss
58 http fetch GET 200 https://registry.npmjs.org/@vitest%2fbrowser-playwright 68ms (cache miss)
59 silly packumentCache full:https://registry.npmjs.org/@vitest%2fbrowser-playwright set size:undefined disposed:false
60 silly fetch manifest playwright@^1.62.1
61 silly packumentCache full:https://registry.npmjs.org/playwright cache-miss
62 http fetch GET 200 https://registry.npmjs.org/playwright 687ms (cache miss)
63 silly packumentCache full:https://registry.npmjs.org/playwright set size:undefined disposed:false
64 silly fetch manifest @vitest/browser-preview@4.1.11
65 silly packumentCache full:https://registry.npmjs.org/@vitest%2fbrowser-preview cache-miss
66 http fetch GET 200 https://registry.npmjs.org/@vitest%2fbrowser-preview 72ms (cache miss)
67 silly packumentCache full:https://registry.npmjs.org/@vitest%2fbrowser-preview set size:undefined disposed:false
68 silly fetch manifest @vitest/browser-webdriverio@4.1.11
69 silly packumentCache full:https://registry.npmjs.org/@vitest%2fbrowser-webdriverio cache-miss
70 http fetch GET 200 https://registry.npmjs.org/@vitest%2fbrowser-webdriverio 86ms (cache miss)
71 silly packumentCache full:https://registry.npmjs.org/@vitest%2fbrowser-webdriverio set size:undefined disposed:false
72 silly fetch manifest webdriverio@*
73 silly packumentCache full:https://registry.npmjs.org/webdriverio cache-miss
74 http fetch GET 200 https://registry.npmjs.org/webdriverio 89ms (cache miss)
75 silly packumentCache full:https://registry.npmjs.org/webdriverio set size:undefined disposed:false
76 silly fetch manifest puppeteer-core@>=22.x <=24.x
77 silly packumentCache full:https://registry.npmjs.org/puppeteer-core cache-miss
78 http fetch GET 200 https://registry.npmjs.org/puppeteer-core 110ms (cache miss)
79 silly packumentCache full:https://registry.npmjs.org/puppeteer-core set size:undefined disposed:false
80 silly fetch manifest @vitest/coverage-istanbul@4.1.11
81 silly packumentCache full:https://registry.npmjs.org/@vitest%2fcoverage-istanbul cache-miss
82 http fetch GET 200 https://registry.npmjs.org/@vitest%2fcoverage-istanbul 67ms (cache miss)
83 silly packumentCache full:https://registry.npmjs.org/@vitest%2fcoverage-istanbul set size:undefined disposed:false
84 silly fetch manifest @vitest/coverage-v8@4.1.11
85 silly packumentCache full:https://registry.npmjs.org/@vitest%2fcoverage-v8 cache-miss
86 http fetch GET 200 https://registry.npmjs.org/@vitest%2fcoverage-v8 76ms (cache miss)
87 silly packumentCache full:https://registry.npmjs.org/@vitest%2fcoverage-v8 set size:undefined disposed:false
88 silly fetch manifest @vitest/browser@4.1.11
89 silly packumentCache full:https://registry.npmjs.org/@vitest%2fbrowser cache-miss
90 http fetch GET 200 https://registry.npmjs.org/@vitest%2fbrowser 95ms (cache miss)
91 silly packumentCache full:https://registry.npmjs.org/@vitest%2fbrowser set size:undefined disposed:false
92 silly fetch manifest @vitest/ui@4.1.11
93 silly packumentCache full:https://registry.npmjs.org/@vitest%2fui cache-miss
94 http fetch GET 200 https://registry.npmjs.org/@vitest%2fui 134ms (cache miss)
95 silly packumentCache full:https://registry.npmjs.org/@vitest%2fui set size:undefined disposed:false
96 silly fetch manifest happy-dom@*
97 silly packumentCache full:https://registry.npmjs.org/happy-dom cache-miss
98 http fetch GET 200 https://registry.npmjs.org/happy-dom 305ms (cache miss)
99 silly packumentCache full:https://registry.npmjs.org/happy-dom set size:undefined disposed:false
100 silly fetch manifest jsdom@*
101 silly packumentCache full:https://registry.npmjs.org/jsdom cache-miss
102 http fetch GET 200 https://registry.npmjs.org/jsdom 72ms (cache miss)
103 silly packumentCache full:https://registry.npmjs.org/jsdom set size:undefined disposed:false
104 silly fetch manifest canvas@^3.0.0
105 silly packumentCache full:https://registry.npmjs.org/canvas cache-miss
106 http fetch GET 200 https://registry.npmjs.org/canvas 235ms (cache miss)
107 silly packumentCache full:https://registry.npmjs.org/canvas set size:undefined disposed:false
108 silly fetch manifest esbuild@^0.27.0 || ^0.28.0
109 silly packumentCache full:https://registry.npmjs.org/esbuild cache-miss
110 http fetch GET 200 https://registry.npmjs.org/esbuild 161ms (cache miss)
111 silly packumentCache full:https://registry.npmjs.org/esbuild set size:undefined disposed:false
112 silly fetch manifest jiti@>=1.21.0
113 silly packumentCache full:https://registry.npmjs.org/jiti cache-miss
114 http fetch GET 200 https://registry.npmjs.org/jiti 210ms (cache miss)
115 silly packumentCache full:https://registry.npmjs.org/jiti set size:undefined disposed:false
116 silly fetch manifest less@^4.0.0
117 silly packumentCache full:https://registry.npmjs.org/less cache-miss
118 http fetch GET 200 https://registry.npmjs.org/less 149ms (cache miss)
119 silly packumentCache full:https://registry.npmjs.org/less set size:undefined disposed:false
120 silly fetch manifest sass@^1.70.0
121 silly packumentCache full:https://registry.npmjs.org/sass cache-miss
122 http fetch GET 200 https://registry.npmjs.org/sass 364ms (cache miss)
123 silly packumentCache full:https://registry.npmjs.org/sass set size:undefined disposed:false
124 silly fetch manifest sass-embedded@^1.70.0
125 silly packumentCache full:https://registry.npmjs.org/sass-embedded cache-miss
126 http fetch GET 200 https://registry.npmjs.org/sass-embedded 140ms (cache miss)
127 silly packumentCache full:https://registry.npmjs.org/sass-embedded set size:undefined disposed:false
128 silly fetch manifest stylus@>=0.54.8
129 silly packumentCache full:https://registry.npmjs.org/stylus cache-miss
130 http fetch GET 200 https://registry.npmjs.org/stylus 120ms (cache miss)
131 silly packumentCache full:https://registry.npmjs.org/stylus set size:undefined disposed:false
132 silly fetch manifest sugarss@^5.0.0
133 silly packumentCache full:https://registry.npmjs.org/sugarss cache-miss
134 http fetch GET 200 https://registry.npmjs.org/sugarss 136ms (cache miss)
135 silly packumentCache full:https://registry.npmjs.org/sugarss set size:undefined disposed:false
136 silly fetch manifest postcss@^8.3.3
137 silly packumentCache full:https://registry.npmjs.org/postcss cache-miss
138 http fetch GET 200 https://registry.npmjs.org/postcss 264ms (cache miss)
139 silly packumentCache full:https://registry.npmjs.org/postcss set size:undefined disposed:false
140 silly fetch manifest terser@^5.16.0
141 silly packumentCache full:https://registry.npmjs.org/terser cache-miss
142 http fetch GET 200 https://registry.npmjs.org/terser 140ms (cache miss)
143 silly packumentCache full:https://registry.npmjs.org/terser set size:undefined disposed:false
144 silly fetch manifest tsx@^4.8.1
145 silly packumentCache full:https://registry.npmjs.org/tsx cache-miss
146 http fetch GET 200 https://registry.npmjs.org/tsx 117ms (cache miss)
147 silly packumentCache full:https://registry.npmjs.org/tsx set size:undefined disposed:false
148 silly fetch manifest yaml@^2.4.2
149 silly packumentCache full:https://registry.npmjs.org/yaml cache-miss
150 http fetch GET 200 https://registry.npmjs.org/yaml 76ms (cache miss)
151 silly packumentCache full:https://registry.npmjs.org/yaml set size:undefined disposed:false
152 silly fetch manifest @vitejs/plugin-react@*
153 silly packumentCache full:https://registry.npmjs.org/@vitejs%2fplugin-react cache-miss
154 http fetch GET 200 https://registry.npmjs.org/@vitejs%2fplugin-react 171ms (cache miss)
155 silly packumentCache full:https://registry.npmjs.org/@vitejs%2fplugin-react set size:undefined disposed:false
156 silly fetch manifest @rolldown/plugin-babel@^0.1.7 || ^0.2.0
157 silly packumentCache full:https://registry.npmjs.org/@rolldown%2fplugin-babel cache-miss
158 http fetch GET 200 https://registry.npmjs.org/@rolldown%2fplugin-babel 60ms (cache miss)
159 silly packumentCache full:https://registry.npmjs.org/@rolldown%2fplugin-babel set size:undefined disposed:false
160 silly fetch manifest @babel/core@^7.29.0 || ^8.0.0-rc.1
161 silly packumentCache full:https://registry.npmjs.org/@babel%2fcore cache-miss
162 http fetch GET 200 https://registry.npmjs.org/@babel%2fcore 205ms (cache miss)
163 silly packumentCache full:https://registry.npmjs.org/@babel%2fcore set size:undefined disposed:false
164 silly fetch manifest @babel/plugin-transform-runtime@^7.29.0 || ^8.0.0-rc.1
165 silly packumentCache full:https://registry.npmjs.org/@babel%2fplugin-transform-runtime cache-miss
166 http fetch GET 200 https://registry.npmjs.org/@babel%2fplugin-transform-runtime 96ms (cache miss)
167 silly packumentCache full:https://registry.npmjs.org/@babel%2fplugin-transform-runtime set size:undefined disposed:false
168 silly fetch manifest @babel/runtime@^7.27.0 || ^8.0.0-rc.1
169 silly packumentCache full:https://registry.npmjs.org/@babel%2fruntime cache-miss
170 http fetch GET 200 https://registry.npmjs.org/@babel%2fruntime 296ms (cache miss)
171 silly packumentCache full:https://registry.npmjs.org/@babel%2fruntime set size:undefined disposed:false
172 silly fetch manifest rolldown@^1.0.0-rc.5
173 silly packumentCache full:https://registry.npmjs.org/rolldown cache-miss
174 http fetch GET 200 https://registry.npmjs.org/rolldown 177ms (cache miss)
175 silly packumentCache full:https://registry.npmjs.org/rolldown set size:undefined disposed:false
176 silly fetch manifest babel-plugin-react-compiler@^1.0.0
177 silly packumentCache full:https://registry.npmjs.org/babel-plugin-react-compiler cache-miss
178 http fetch GET 200 https://registry.npmjs.org/babel-plugin-react-compiler 181ms (cache miss)
179 silly packumentCache full:https://registry.npmjs.org/babel-plugin-react-compiler set size:undefined disposed:false
180 silly fetch manifest oxc-transform-react@^0.145.0
181 silly packumentCache full:https://registry.npmjs.org/oxc-transform-react cache-miss
182 http fetch GET 200 https://registry.npmjs.org/oxc-transform-react 80ms (cache miss)
183 silly packumentCache full:https://registry.npmjs.org/oxc-transform-react set size:undefined disposed:false
184 silly placeDep ROOT @vitejs/plugin-react@6.1.0 OK for: digem-aggies@1.0.0 want: *
185 silly placeDep ROOT vite@8.2.2 OK for: @vitejs/plugin-react@6.1.0 want: ^8.0.0
186 silly placeDep ROOT vite@8.2.2 REPLACE for: digem-aggies@1.0.0 want: *
187 silly fetch manifest @rolldown/pluginutils@^1.0.1
188 silly packumentCache full:https://registry.npmjs.org/@rolldown%2fpluginutils cache-miss
189 silly fetch manifest postcss@^8.5.26
190 silly packumentCache full:https://registry.npmjs.org/postcss cache-miss
191 silly fetch manifest rolldown@~1.2.4
192 silly packumentCache full:https://registry.npmjs.org/rolldown cache-miss
193 silly fetch manifest picomatch@^4.0.5
194 silly packumentCache full:https://registry.npmjs.org/picomatch cache-miss
195 silly fetch manifest tinyglobby@^0.2.17
196 silly packumentCache full:https://registry.npmjs.org/tinyglobby cache-miss
197 silly fetch manifest lightningcss@^1.33.0
198 silly packumentCache full:https://registry.npmjs.org/lightningcss cache-miss
199 silly fetch manifest fsevents@~2.3.3
200 silly packumentCache full:https://registry.npmjs.org/fsevents cache-miss
201 http cache https://registry.npmjs.org/postcss 19ms (cache hit)
202 silly packumentCache full:https://registry.npmjs.org/postcss set size:760024 disposed:false
203 silly fetch manifest rolldown@~1.2.4
204 silly packumentCache full:https://registry.npmjs.org/rolldown cache-miss
205 http cache https://registry.npmjs.org/rolldown 26ms (cache hit)
206 silly packumentCache full:https://registry.npmjs.org/rolldown set size:3801673 disposed:false
207 silly fetch manifest picomatch@^4.0.5
208 silly packumentCache full:https://registry.npmjs.org/picomatch cache-miss
209 http cache https://registry.npmjs.org/rolldown 25ms (cache hit)
210 silly packumentCache full:https://registry.npmjs.org/rolldown set size:3801673 disposed:false
211 silly fetch manifest tinyglobby@^0.2.17
212 silly packumentCache full:https://registry.npmjs.org/tinyglobby cache-miss
213 http fetch GET 200 https://registry.npmjs.org/picomatch 87ms (cache miss)
214 silly packumentCache full:https://registry.npmjs.org/picomatch set size:undefined disposed:false
215 silly fetch manifest lightningcss@^1.33.0
216 silly packumentCache full:https://registry.npmjs.org/lightningcss cache-miss
217 http fetch GET 200 https://registry.npmjs.org/@rolldown%2fpluginutils 88ms (cache miss)
218 silly packumentCache full:https://registry.npmjs.org/@rolldown%2fpluginutils set size:undefined disposed:false
219 silly fetch manifest fsevents@~2.3.3
220 silly packumentCache full:https://registry.npmjs.org/fsevents cache-miss
221 http fetch GET 200 https://registry.npmjs.org/tinyglobby 131ms (cache miss)
222 silly packumentCache full:https://registry.npmjs.org/tinyglobby set size:undefined disposed:false
223 http fetch GET 200 https://registry.npmjs.org/lightningcss 139ms (cache miss)
224 silly packumentCache full:https://registry.npmjs.org/lightningcss set size:undefined disposed:false
225 http fetch GET 200 https://registry.npmjs.org/tinyglobby 105ms (cache miss)
226 silly packumentCache full:https://registry.npmjs.org/tinyglobby set size:undefined disposed:false
227 http fetch GET 200 https://registry.npmjs.org/fsevents 87ms (cache miss)
228 silly packumentCache full:https://registry.npmjs.org/fsevents set size:undefined disposed:false
229 http fetch GET 200 https://registry.npmjs.org/fsevents 178ms (cache miss)
230 silly packumentCache full:https://registry.npmjs.org/fsevents set size:undefined disposed:false
231 http fetch GET 200 https://registry.npmjs.org/picomatch 142ms (cache miss)
232 silly packumentCache full:https://registry.npmjs.org/picomatch set size:undefined disposed:false
233 http fetch GET 200 https://registry.npmjs.org/lightningcss 107ms (cache miss)
234 silly packumentCache full:https://registry.npmjs.org/lightningcss set size:undefined disposed:false
235 silly placeDep ROOT @rolldown/pluginutils@1.0.1 OK for: @vitejs/plugin-react@6.1.0 want: ^1.0.1
236 silly placeDep node_modules/vite fsevents@2.3.3 OK for: vite@8.2.2 want: ~2.3.3
237 silly placeDep ROOT lightningcss@1.33.0 OK for: vite@8.2.2 want: ^1.33.0
238 silly placeDep ROOT picomatch@4.0.7 OK for: vite@8.2.2 want: ^4.0.5
239 silly placeDep ROOT postcss@8.5.26 OK for: vite@8.2.2 want: ^8.5.26
240 silly placeDep ROOT rolldown@1.2.6 OK for: vite@8.2.2 want: ~1.2.4
241 silly placeDep ROOT tinyglobby@0.2.17 OK for: vite@8.2.2 want: ^0.2.17
242 silly fetch manifest detect-libc@^2.0.3
243 silly packumentCache full:https://registry.npmjs.org/detect-libc cache-miss
244 silly fetch manifest lightningcss-darwin-x64@1.33.0
245 silly packumentCache full:https://registry.npmjs.org/lightningcss-darwin-x64 cache-miss
246 silly fetch manifest lightningcss-linux-x64-gnu@1.33.0
247 silly packumentCache full:https://registry.npmjs.org/lightningcss-linux-x64-gnu cache-miss
248 silly fetch manifest lightningcss-win32-x64-msvc@1.33.0
249 silly packumentCache full:https://registry.npmjs.org/lightningcss-win32-x64-msvc cache-miss
250 silly fetch manifest lightningcss-win32-arm64-msvc@1.33.0
251 silly packumentCache full:https://registry.npmjs.org/lightningcss-win32-arm64-msvc cache-miss
252 silly fetch manifest lightningcss-darwin-arm64@1.33.0
253 silly packumentCache full:https://registry.npmjs.org/lightningcss-darwin-arm64 cache-miss
254 silly fetch manifest lightningcss-linux-arm64-gnu@1.33.0
255 silly packumentCache full:https://registry.npmjs.org/lightningcss-linux-arm64-gnu cache-miss
256 http fetch GET 200 https://registry.npmjs.org/lightningcss-win32-arm64-msvc 35ms (cache miss)
257 silly packumentCache full:https://registry.npmjs.org/lightningcss-win32-arm64-msvc set size:undefined disposed:false
258 silly fetch manifest lightningcss-linux-arm-gnueabihf@1.33.0
259 silly packumentCache full:https://registry.npmjs.org/lightningcss-linux-arm-gnueabihf cache-miss
260 http fetch GET 200 https://registry.npmjs.org/detect-libc 38ms (cache miss)
261 silly packumentCache full:https://registry.npmjs.org/detect-libc set size:undefined disposed:false
262 silly fetch manifest lightningcss-linux-arm64-musl@1.33.0
263 silly packumentCache full:https://registry.npmjs.org/lightningcss-linux-arm64-musl cache-miss
264 http fetch GET 200 https://registry.npmjs.org/lightningcss-darwin-arm64 39ms (cache miss)
265 silly packumentCache full:https://registry.npmjs.org/lightningcss-darwin-arm64 set size:undefined disposed:false
266 silly fetch manifest lightningcss-linux-x64-musl@1.33.0
267 silly packumentCache full:https://registry.npmjs.org/lightningcss-linux-x64-musl cache-miss
268 http fetch GET 200 https://registry.npmjs.org/lightningcss-linux-x64-gnu 40ms (cache miss)
269 silly packumentCache full:https://registry.npmjs.org/lightningcss-linux-x64-gnu set size:undefined disposed:false
270 silly fetch manifest lightningcss-freebsd-x64@1.33.0
271 silly packumentCache full:https://registry.npmjs.org/lightningcss-freebsd-x64 cache-miss
272 http fetch GET 200 https://registry.npmjs.org/lightningcss-darwin-x64 43ms (cache miss)
273 silly packumentCache full:https://registry.npmjs.org/lightningcss-darwin-x64 set size:undefined disposed:false
274 silly fetch manifest lightningcss-android-arm64@1.33.0
275 silly packumentCache full:https://registry.npmjs.org/lightningcss-android-arm64 cache-miss
276 http fetch GET 200 https://registry.npmjs.org/lightningcss-win32-x64-msvc 47ms (cache miss)
277 silly packumentCache full:https://registry.npmjs.org/lightningcss-win32-x64-msvc set size:undefined disposed:false
278 silly fetch manifest nanoid@^3.3.17
279 silly packumentCache full:https://registry.npmjs.org/nanoid cache-miss
280 http fetch GET 200 https://registry.npmjs.org/lightningcss-linux-arm-gnueabihf 38ms (cache miss)
281 silly packumentCache full:https://registry.npmjs.org/lightningcss-linux-arm-gnueabihf set size:undefined disposed:false
282 silly fetch manifest picocolors@^1.1.1
283 silly packumentCache full:https://registry.npmjs.org/picocolors cache-miss
284 http fetch GET 200 https://registry.npmjs.org/lightningcss-freebsd-x64 54ms (cache miss)
285 silly packumentCache full:https://registry.npmjs.org/lightningcss-freebsd-x64 set size:undefined disposed:false
286 silly fetch manifest source-map-js@^1.2.1
287 silly packumentCache full:https://registry.npmjs.org/source-map-js cache-miss
288 http fetch GET 200 https://registry.npmjs.org/lightningcss-linux-x64-musl 56ms (cache miss)
289 silly packumentCache full:https://registry.npmjs.org/lightningcss-linux-x64-musl set size:undefined disposed:false
290 silly fetch manifest @oxc-project/types@=0.147.0
291 silly packumentCache full:https://registry.npmjs.org/@oxc-project%2ftypes cache-miss
292 http fetch GET 200 https://registry.npmjs.org/lightningcss-android-arm64 152ms (cache miss)
293 silly packumentCache full:https://registry.npmjs.org/lightningcss-android-arm64 set size:undefined disposed:false
294 silly fetch manifest @rolldown/binding-darwin-x64@1.2.6
295 silly packumentCache full:https://registry.npmjs.org/@rolldown%2fbinding-darwin-x64 cache-miss
296 http fetch GET 200 https://registry.npmjs.org/lightningcss-linux-arm64-gnu 197ms (cache miss)
297 silly packumentCache full:https://registry.npmjs.org/lightningcss-linux-arm64-gnu set size:undefined disposed:false
298 silly fetch manifest @rolldown/binding-freebsd-x64@1.2.6
299 silly packumentCache full:https://registry.npmjs.org/@rolldown%2fbinding-freebsd-x64 cache-miss
300 http fetch GET 200 https://registry.npmjs.org/lightningcss-linux-arm64-musl 160ms (cache miss)
301 silly packumentCache full:https://registry.npmjs.org/lightningcss-linux-arm64-musl set size:undefined disposed:false
302 silly fetch manifest @rolldown/binding-darwin-arm64@1.2.6
303 silly packumentCache full:https://registry.npmjs.org/@rolldown%2fbinding-darwin-arm64 cache-miss
304 http fetch GET 200 https://registry.npmjs.org/picocolors 126ms (cache miss)
305 silly packumentCache full:https://registry.npmjs.org/picocolors set size:undefined disposed:false
306 silly fetch manifest @rolldown/binding-android-arm64@1.2.6
307 silly packumentCache full:https://registry.npmjs.org/@rolldown%2fbinding-android-arm64 cache-miss
308 http fetch GET 200 https://registry.npmjs.org/nanoid 166ms (cache miss)
309 silly packumentCache full:https://registry.npmjs.org/nanoid set size:undefined disposed:false
310 silly fetch manifest @rolldown/binding-linux-x64-gnu@1.2.6
311 silly packumentCache full:https://registry.npmjs.org/@rolldown%2fbinding-linux-x64-gnu cache-miss
312 http fetch GET 200 https://registry.npmjs.org/source-map-js 133ms (cache miss)
313 silly packumentCache full:https://registry.npmjs.org/source-map-js set size:undefined disposed:false
314 silly fetch manifest @rolldown/binding-linux-x64-musl@1.2.6
315 silly packumentCache full:https://registry.npmjs.org/@rolldown%2fbinding-linux-x64-musl cache-miss
316 http fetch GET 200 https://registry.npmjs.org/@rolldown%2fbinding-android-arm64 56ms (cache miss)
317 silly packumentCache full:https://registry.npmjs.org/@rolldown%2fbinding-android-arm64 set size:undefined disposed:false
318 silly fetch manifest @rolldown/binding-win32-x64-msvc@1.2.6
319 silly packumentCache full:https://registry.npmjs.org/@rolldown%2fbinding-win32-x64-msvc cache-miss
320 http fetch GET 200 https://registry.npmjs.org/@oxc-project%2ftypes 187ms (cache miss)
321 silly packumentCache full:https://registry.npmjs.org/@oxc-project%2ftypes set size:undefined disposed:false
322 silly fetch manifest @rolldown/binding-linux-arm64-gnu@1.2.6
323 silly packumentCache full:https://registry.npmjs.org/@rolldown%2fbinding-linux-arm64-gnu cache-miss
324 http fetch GET 200 https://registry.npmjs.org/@rolldown%2fbinding-darwin-arm64 110ms (cache miss)
325 silly packumentCache full:https://registry.npmjs.org/@rolldown%2fbinding-darwin-arm64 set size:undefined disposed:false
326 silly fetch manifest @rolldown/binding-linux-ppc64-gnu@1.2.6
327 silly packumentCache full:https://registry.npmjs.org/@rolldown%2fbinding-linux-ppc64-gnu cache-miss
328 http fetch GET 200 https://registry.npmjs.org/@rolldown%2fbinding-darwin-x64 141ms (cache miss)
329 silly packumentCache full:https://registry.npmjs.org/@rolldown%2fbinding-darwin-x64 set size:undefined disposed:false
330 silly fetch manifest @rolldown/binding-linux-s390x-gnu@1.2.6
331 silly packumentCache full:https://registry.npmjs.org/@rolldown%2fbinding-linux-s390x-gnu cache-miss
332 http fetch GET 200 https://registry.npmjs.org/@rolldown%2fbinding-freebsd-x64 147ms (cache miss)
333 silly packumentCache full:https://registry.npmjs.org/@rolldown%2fbinding-freebsd-x64 set size:undefined disposed:false
334 silly fetch manifest @rolldown/binding-android-arm-eabi@1.2.6
335 silly packumentCache full:https://registry.npmjs.org/@rolldown%2fbinding-android-arm-eabi cache-miss
336 http fetch GET 200 https://registry.npmjs.org/@rolldown%2fbinding-linux-ppc64-gnu 89ms (cache miss)
337 silly packumentCache full:https://registry.npmjs.org/@rolldown%2fbinding-linux-ppc64-gnu set size:undefined disposed:false
338 silly fetch manifest @rolldown/binding-linux-arm64-musl@1.2.6
339 silly packumentCache full:https://registry.npmjs.org/@rolldown%2fbinding-linux-arm64-musl cache-miss
340 http fetch GET 200 https://registry.npmjs.org/@rolldown%2fbinding-linux-s390x-gnu 72ms (cache miss)
341 silly packumentCache full:https://registry.npmjs.org/@rolldown%2fbinding-linux-s390x-gnu set size:undefined disposed:false
342 silly fetch manifest @rolldown/binding-win32-arm64-msvc@1.2.6
343 silly packumentCache full:https://registry.npmjs.org/@rolldown%2fbinding-win32-arm64-msvc cache-miss
344 http fetch GET 200 https://registry.npmjs.org/@rolldown%2fbinding-win32-x64-msvc 157ms (cache miss)
345 silly packumentCache full:https://registry.npmjs.org/@rolldown%2fbinding-win32-x64-msvc set size:undefined disposed:false
346 silly fetch manifest @rolldown/binding-openharmony-arm64@1.2.6
347 silly packumentCache full:https://registry.npmjs.org/@rolldown%2fbinding-openharmony-arm64 cache-miss
348 http fetch GET 200 https://registry.npmjs.org/@rolldown%2fbinding-android-arm-eabi 75ms (cache miss)
349 silly packumentCache full:https://registry.npmjs.org/@rolldown%2fbinding-android-arm-eabi set size:undefined disposed:false
350 silly fetch manifest @rolldown/binding-linux-arm-gnueabihf@1.2.6
351 silly packumentCache full:https://registry.npmjs.org/@rolldown%2fbinding-linux-arm-gnueabihf cache-miss
352 http fetch GET 200 https://registry.npmjs.org/@rolldown%2fbinding-linux-x64-gnu 217ms (cache miss)
353 silly packumentCache full:https://registry.npmjs.org/@rolldown%2fbinding-linux-x64-gnu set size:undefined disposed:false
354 silly fetch manifest fdir@^6.5.0
355 silly packumentCache full:https://registry.npmjs.org/fdir cache-miss
356 http fetch GET 200 https://registry.npmjs.org/@rolldown%2fbinding-linux-arm64-gnu 154ms (cache miss)
357 silly packumentCache full:https://registry.npmjs.org/@rolldown%2fbinding-linux-arm64-gnu set size:undefined disposed:false
358 http fetch GET 200 https://registry.npmjs.org/@rolldown%2fbinding-linux-x64-musl 213ms (cache miss)
359 silly packumentCache full:https://registry.npmjs.org/@rolldown%2fbinding-linux-x64-musl set size:undefined disposed:false
360 http fetch GET 200 https://registry.npmjs.org/@rolldown%2fbinding-openharmony-arm64 56ms (cache miss)
361 silly packumentCache full:https://registry.npmjs.org/@rolldown%2fbinding-openharmony-arm64 set size:undefined disposed:false
362 http fetch GET 200 https://registry.npmjs.org/fdir 86ms (cache miss)
363 silly packumentCache full:https://registry.npmjs.org/fdir set size:undefined disposed:false
364 http fetch GET 200 https://registry.npmjs.org/@rolldown%2fbinding-linux-arm64-musl 124ms (cache miss)
365 silly packumentCache full:https://registry.npmjs.org/@rolldown%2fbinding-linux-arm64-musl set size:undefined disposed:false
366 http fetch GET 200 https://registry.npmjs.org/@rolldown%2fbinding-linux-arm-gnueabihf 116ms (cache miss)
367 silly packumentCache full:https://registry.npmjs.org/@rolldown%2fbinding-linux-arm-gnueabihf set size:undefined disposed:false
368 http fetch GET 200 https://registry.npmjs.org/@rolldown%2fbinding-win32-arm64-msvc 141ms (cache miss)
369 silly packumentCache full:https://registry.npmjs.org/@rolldown%2fbinding-win32-arm64-msvc set size:undefined disposed:false
370 silly placeDep ROOT detect-libc@2.1.2 OK for: lightningcss@1.33.0 want: ^2.0.3
371 silly placeDep ROOT lightningcss-android-arm64@1.33.0 OK for: lightningcss@1.33.0 want: 1.33.0
372 silly placeDep ROOT lightningcss-darwin-arm64@1.33.0 OK for: lightningcss@1.33.0 want: 1.33.0
373 silly placeDep ROOT lightningcss-darwin-x64@1.33.0 OK for: lightningcss@1.33.0 want: 1.33.0
374 silly placeDep ROOT lightningcss-freebsd-x64@1.33.0 OK for: lightningcss@1.33.0 want: 1.33.0
375 silly placeDep ROOT lightningcss-linux-arm-gnueabihf@1.33.0 OK for: lightningcss@1.33.0 want: 1.33.0
376 silly placeDep ROOT lightningcss-linux-arm64-gnu@1.33.0 OK for: lightningcss@1.33.0 want: 1.33.0
377 silly placeDep ROOT lightningcss-linux-arm64-musl@1.33.0 OK for: lightningcss@1.33.0 want: 1.33.0
378 silly placeDep ROOT lightningcss-linux-x64-gnu@1.33.0 OK for: lightningcss@1.33.0 want: 1.33.0
379 silly placeDep ROOT lightningcss-linux-x64-musl@1.33.0 OK for: lightningcss@1.33.0 want: 1.33.0
380 silly placeDep ROOT lightningcss-win32-arm64-msvc@1.33.0 OK for: lightningcss@1.33.0 want: 1.33.0
381 silly placeDep ROOT lightningcss-win32-x64-msvc@1.33.0 OK for: lightningcss@1.33.0 want: 1.33.0
382 silly placeDep ROOT nanoid@3.3.18 OK for: postcss@8.5.26 want: ^3.3.17
383 silly placeDep ROOT picocolors@1.1.1 OK for: postcss@8.5.26 want: ^1.1.1
384 silly placeDep ROOT source-map-js@1.2.1 OK for: postcss@8.5.26 want: ^1.2.1
385 silly placeDep ROOT @oxc-project/types@0.147.0 OK for: rolldown@1.2.6 want: =0.147.0
386 silly placeDep ROOT @rolldown/binding-android-arm-eabi@1.2.6 OK for: rolldown@1.2.6 want: 1.2.6
387 silly placeDep ROOT @rolldown/binding-android-arm64@1.2.6 OK for: rolldown@1.2.6 want: 1.2.6
388 silly placeDep ROOT @rolldown/binding-darwin-arm64@1.2.6 OK for: rolldown@1.2.6 want: 1.2.6
389 silly placeDep ROOT @rolldown/binding-darwin-x64@1.2.6 OK for: rolldown@1.2.6 want: 1.2.6
390 silly placeDep ROOT @rolldown/binding-freebsd-x64@1.2.6 OK for: rolldown@1.2.6 want: 1.2.6
391 silly placeDep ROOT @rolldown/binding-linux-arm-gnueabihf@1.2.6 OK for: rolldown@1.2.6 want: 1.2.6
392 silly placeDep ROOT @rolldown/binding-linux-arm64-gnu@1.2.6 OK for: rolldown@1.2.6 want: 1.2.6
393 silly placeDep ROOT @rolldown/binding-linux-arm64-musl@1.2.6 OK for: rolldown@1.2.6 want: 1.2.6
394 silly placeDep ROOT @rolldown/binding-linux-ppc64-gnu@1.2.6 OK for: rolldown@1.2.6 want: 1.2.6
395 silly placeDep ROOT @rolldown/binding-linux-s390x-gnu@1.2.6 OK for: rolldown@1.2.6 want: 1.2.6
396 silly placeDep ROOT @rolldown/binding-linux-x64-gnu@1.2.6 OK for: rolldown@1.2.6 want: 1.2.6
397 silly placeDep ROOT @rolldown/binding-linux-x64-musl@1.2.6 OK for: rolldown@1.2.6 want: 1.2.6
398 silly placeDep ROOT @rolldown/binding-openharmony-arm64@1.2.6 OK for: rolldown@1.2.6 want: 1.2.6
399 silly placeDep ROOT @rolldown/binding-win32-arm64-msvc@1.2.6 OK for: rolldown@1.2.6 want: 1.2.6
400 silly placeDep ROOT @rolldown/binding-win32-x64-msvc@1.2.6 OK for: rolldown@1.2.6 want: 1.2.6
401 silly fetch manifest picomatch@^4.0.4
402 silly packumentCache full:https://registry.npmjs.org/picomatch cache-miss
403 http cache https://registry.npmjs.org/picomatch 1ms (cache hit)
404 silly packumentCache full:https://registry.npmjs.org/picomatch set size:134451 disposed:false
405 silly placeDep ROOT fdir@6.5.0 OK for: tinyglobby@0.2.17 want: ^6.5.0
406 silly reify moves {}
407 silly audit bulk request {
407 silly audit   fsevents: [ '2.3.2', '2.3.3' ],
407 silly audit   playwright: [ '1.62.1' ],
407 silly audit   'playwright-core': [ '1.62.1' ],
407 silly audit   '@vitejs/plugin-react': [ '6.1.0' ],
407 silly audit   vite: [ '8.2.2' ],
407 silly audit   '@rolldown/pluginutils': [ '1.0.1' ],
407 silly audit   lightningcss: [ '1.33.0' ],
407 silly audit   picomatch: [ '4.0.7' ],
407 silly audit   postcss: [ '8.5.26' ],
407 silly audit   rolldown: [ '1.2.6' ],
407 silly audit   tinyglobby: [ '0.2.17' ],
407 silly audit   'detect-libc': [ '2.1.2' ],
407 silly audit   'lightningcss-android-arm64': [ '1.33.0' ],
407 silly audit   'lightningcss-darwin-arm64': [ '1.33.0' ],
407 silly audit   'lightningcss-darwin-x64': [ '1.33.0' ],
407 silly audit   'lightningcss-freebsd-x64': [ '1.33.0' ],
407 silly audit   'lightningcss-linux-arm-gnueabihf': [ '1.33.0' ],
407 silly audit   'lightningcss-linux-arm64-gnu': [ '1.33.0' ],
407 silly audit   'lightningcss-linux-arm64-musl': [ '1.33.0' ],
407 silly audit   'lightningcss-linux-x64-gnu': [ '1.33.0' ],
407 silly audit   'lightningcss-linux-x64-musl': [ '1.33.0' ],
407 silly audit   'lightningcss-win32-arm64-msvc': [ '1.33.0' ],
407 silly audit   'lightningcss-win32-x64-msvc': [ '1.33.0' ],
407 silly audit   nanoid: [ '3.3.18' ],
407 silly audit   picocolors: [ '1.1.1' ],
407 silly audit   'source-map-js': [ '1.2.1' ],
407 silly audit   '@oxc-project/types': [ '0.147.0' ],
407 silly audit   '@rolldown/binding-android-arm-eabi': [ '1.2.6' ],
407 silly audit   '@rolldown/binding-android-arm64': [ '1.2.6' ],
407 silly audit   '@rolldown/binding-darwin-arm64': [ '1.2.6' ],
407 silly audit   '@rolldown/binding-darwin-x64': [ '1.2.6' ],
407 silly audit   '@rolldown/binding-freebsd-x64': [ '1.2.6' ],
407 silly audit   '@rolldown/binding-linux-arm-gnueabihf': [ '1.2.6' ],
407 silly audit   '@rolldown/binding-linux-arm64-gnu': [ '1.2.6' ],
407 silly audit   '@rolldown/binding-linux-arm64-musl': [ '1.2.6' ],
407 silly audit   '@rolldown/binding-linux-ppc64-gnu': [ '1.2.6' ],
407 silly audit   '@rolldown/binding-linux-s390x-gnu': [ '1.2.6' ],
407 silly audit   '@rolldown/binding-linux-x64-gnu': [ '1.2.6' ],
407 silly audit   '@rolldown/binding-linux-x64-musl': [ '1.2.6' ],
407 silly audit   '@rolldown/binding-openharmony-arm64': [ '1.2.6' ],
407 silly audit   '@rolldown/binding-win32-arm64-msvc': [ '1.2.6' ],
407 silly audit   '@rolldown/binding-win32-x64-msvc': [ '1.2.6' ],
407 silly audit   fdir: [ '6.5.0' ]
407 silly audit }
408 http cache @rolldown/binding-darwin-arm64@https://registry.npmjs.org/@rolldown/binding-darwin-arm64/-/binding-darwin-arm64-1.2.6.tgz 0ms (cache hit)
409 http cache fdir@https://registry.npmjs.org/fdir/-/fdir-6.5.0.tgz 0ms (cache hit)
410 http cache source-map-js@https://registry.npmjs.org/source-map-js/-/source-map-js-1.2.1.tgz 0ms (cache hit)
411 http cache picocolors@https://registry.npmjs.org/picocolors/-/picocolors-1.1.1.tgz 0ms (cache hit)
412 http cache @oxc-project/types@https://registry.npmjs.org/@oxc-project/types/-/types-0.147.0.tgz 0ms (cache hit)
413 http cache nanoid@https://registry.npmjs.org/nanoid/-/nanoid-3.3.18.tgz 0ms (cache hit)
414 http cache lightningcss-darwin-arm64@https://registry.npmjs.org/lightningcss-darwin-arm64/-/lightningcss-darwin-arm64-1.33.0.tgz 0ms (cache hit)
415 http cache detect-libc@https://registry.npmjs.org/detect-libc/-/detect-libc-2.1.2.tgz 0ms (cache hit)
416 http cache rolldown@https://registry.npmjs.org/rolldown/-/rolldown-1.2.6.tgz 0ms (cache hit)
417 http cache postcss@https://registry.npmjs.org/postcss/-/postcss-8.5.26.tgz 0ms (cache hit)
418 http cache lightningcss@https://registry.npmjs.org/lightningcss/-/lightningcss-1.33.0.tgz 0ms (cache hit)
419 http cache picomatch@https://registry.npmjs.org/picomatch/-/picomatch-4.0.7.tgz 0ms (cache hit)
420 http cache tinyglobby@https://registry.npmjs.org/tinyglobby/-/tinyglobby-0.2.17.tgz 0ms (cache hit)
421 http cache vite@https://registry.npmjs.org/vite/-/vite-8.2.2.tgz 0ms (cache hit)
422 http cache @rolldown/pluginutils@https://registry.npmjs.org/@rolldown/pluginutils/-/pluginutils-1.0.1.tgz 0ms (cache hit)
423 http cache @vitejs/plugin-react@https://registry.npmjs.org/@vitejs/plugin-react/-/plugin-react-6.1.0.tgz 0ms (cache hit)
424 http cache fsevents@https://registry.npmjs.org/fsevents/-/fsevents-2.3.2.tgz 0ms (cache hit)
425 http cache fsevents@https://registry.npmjs.org/fsevents/-/fsevents-2.3.3.tgz 0ms (cache hit)
426 silly tarball no local data for @rolldown/binding-darwin-arm64@https://registry.npmjs.org/@rolldown/binding-darwin-arm64/-/binding-darwin-arm64-1.2.6.tgz. Extracting by manifest.
427 silly tarball no local data for fdir@https://registry.npmjs.org/fdir/-/fdir-6.5.0.tgz. Extracting by manifest.
428 silly tarball no local data for source-map-js@https://registry.npmjs.org/source-map-js/-/source-map-js-1.2.1.tgz. Extracting by manifest.
429 silly tarball no local data for picocolors@https://registry.npmjs.org/picocolors/-/picocolors-1.1.1.tgz. Extracting by manifest.
430 silly tarball no local data for @oxc-project/types@https://registry.npmjs.org/@oxc-project/types/-/types-0.147.0.tgz. Extracting by manifest.
431 silly tarball no local data for nanoid@https://registry.npmjs.org/nanoid/-/nanoid-3.3.18.tgz. Extracting by manifest.
432 silly tarball no local data for lightningcss-darwin-arm64@https://registry.npmjs.org/lightningcss-darwin-arm64/-/lightningcss-darwin-arm64-1.33.0.tgz. Extracting by manifest.
433 silly tarball no local data for detect-libc@https://registry.npmjs.org/detect-libc/-/detect-libc-2.1.2.tgz. Extracting by manifest.
434 silly tarball no local data for rolldown@https://registry.npmjs.org/rolldown/-/rolldown-1.2.6.tgz. Extracting by manifest.
435 silly tarball no local data for postcss@https://registry.npmjs.org/postcss/-/postcss-8.5.26.tgz. Extracting by manifest.
436 silly tarball no local data for lightningcss@https://registry.npmjs.org/lightningcss/-/lightningcss-1.33.0.tgz. Extracting by manifest.
437 silly tarball no local data for picomatch@https://registry.npmjs.org/picomatch/-/picomatch-4.0.7.tgz. Extracting by manifest.
438 silly tarball no local data for tinyglobby@https://registry.npmjs.org/tinyglobby/-/tinyglobby-0.2.17.tgz. Extracting by manifest.
439 silly tarball no local data for vite@https://registry.npmjs.org/vite/-/vite-8.2.2.tgz. Extracting by manifest.
440 silly tarball no local data for @rolldown/pluginutils@https://registry.npmjs.org/@rolldown/pluginutils/-/pluginutils-1.0.1.tgz. Extracting by manifest.
441 silly tarball no local data for @vitejs/plugin-react@https://registry.npmjs.org/@vitejs/plugin-react/-/plugin-react-6.1.0.tgz. Extracting by manifest.
442 silly tarball no local data for fsevents@https://registry.npmjs.org/fsevents/-/fsevents-2.3.2.tgz. Extracting by manifest.
443 silly tarball no local data for fsevents@https://registry.npmjs.org/fsevents/-/fsevents-2.3.3.tgz. Extracting by manifest.
444 http fetch GET 200 https://registry.npmjs.org/picocolors/-/picocolors-1.1.1.tgz 45ms (cache miss)
445 http fetch GET 200 https://registry.npmjs.org/fdir/-/fdir-6.5.0.tgz 48ms (cache miss)
446 http fetch GET 200 https://registry.npmjs.org/nanoid/-/nanoid-3.3.18.tgz 47ms (cache miss)
447 http fetch POST 200 https://registry.npmjs.org/-/npm/v1/security/advisories/bulk 154ms
448 silly audit report {}
449 http fetch GET 200 https://registry.npmjs.org/@rolldown/pluginutils/-/pluginutils-1.0.1.tgz 151ms (cache miss)
450 http fetch GET 200 https://registry.npmjs.org/@oxc-project/types/-/types-0.147.0.tgz 153ms (cache miss)
451 http fetch GET 200 https://registry.npmjs.org/source-map-js/-/source-map-js-1.2.1.tgz 155ms (cache miss)
452 http fetch GET 200 https://registry.npmjs.org/fsevents/-/fsevents-2.3.2.tgz 162ms (cache miss)
453 http fetch GET 200 https://registry.npmjs.org/@vitejs/plugin-react/-/plugin-react-6.1.0.tgz 190ms (cache miss)
454 http fetch GET 200 https://registry.npmjs.org/fsevents/-/fsevents-2.3.3.tgz 191ms (cache miss)
455 http fetch GET 200 https://registry.npmjs.org/picomatch/-/picomatch-4.0.7.tgz 201ms (cache miss)
456 http fetch GET 200 https://registry.npmjs.org/lightningcss/-/lightningcss-1.33.0.tgz 206ms (cache miss)
457 http fetch GET 200 https://registry.npmjs.org/tinyglobby/-/tinyglobby-0.2.17.tgz 219ms (cache miss)
458 http fetch GET 200 https://registry.npmjs.org/detect-libc/-/detect-libc-2.1.2.tgz 227ms (cache miss)
459 http fetch GET 200 https://registry.npmjs.org/postcss/-/postcss-8.5.26.tgz 233ms (cache miss)
460 http fetch GET 200 https://registry.npmjs.org/rolldown/-/rolldown-1.2.6.tgz 235ms (cache miss)
461 http fetch GET 200 https://registry.npmjs.org/vite/-/vite-8.2.2.tgz 355ms (cache miss)
462 http fetch GET 200 https://registry.npmjs.org/lightningcss-darwin-arm64/-/lightningcss-darwin-arm64-1.33.0.tgz 783ms (cache miss)
463 http fetch GET 200 https://registry.npmjs.org/@rolldown/binding-darwin-arm64/-/binding-darwin-arm64-1.2.6.tgz 862ms (cache miss)
464 info run fsevents@2.3.3 install node_modules/vite/node_modules/fsevents node-gyp rebuild
465 info run fsevents@2.3.3 install { code: 1, signal: null }
466 verbose reify failed optional dependency /Users/jb/Documents/digemaggies/node_modules/vite/node_modules/fsevents
467 silly reify mark deleted [
467 silly reify   '/Users/jb/Documents/digemaggies/node_modules/vite/node_modules/fsevents'
467 silly reify ]
468 silly ADD node_modules/fdir
469 silly ADD node_modules/@rolldown/binding-darwin-arm64
470 silly ADD node_modules/@oxc-project/types
471 silly ADD node_modules/source-map-js
472 silly ADD node_modules/picocolors
473 silly ADD node_modules/nanoid
474 silly ADD node_modules/lightningcss-darwin-arm64
475 silly ADD node_modules/detect-libc
476 silly ADD node_modules/tinyglobby
477 silly ADD node_modules/rolldown
478 silly ADD node_modules/postcss
479 silly ADD node_modules/picomatch
480 silly ADD node_modules/lightningcss
481 silly ADD node_modules/@rolldown/pluginutils
482 silly ADD node_modules/vite
483 silly ADD
484 silly ADD node_modules/@vitejs/plugin-react
485 silly ADD node_modules/fsevents
486 verbose cwd /Users/jb/Documents/digemaggies
487 verbose os Darwin 25.3.0
488 verbose node v22.19.0
489 verbose npm  v11.6.2
490 notice
490 notice New [33mminor[39m version of npm available! [33m11.6.2[39m -> [34m11.19.0[39m
490 notice Changelog: [34mhttps://github.com/npm/cli/releases/tag/v11.19.0[39m
490 notice To update run: [4mnpm install -g npm@11.19.0[24m
490 notice  { force: true, [Symbol(proc-log.meta)]: true }
491 verbose exit 0
492 info ok
