0 verbose cli /Users/jb/.nvm/versions/node/v22.19.0/bin/node /Users/jb/.nvm/versions/node/v22.19.0/bin/npm
1 info using npm@11.6.2
2 info using node@v22.19.0
3 silly config load:file:/Users/jb/.nvm/versions/node/v22.19.0/lib/node_modules/npm/npmrc
4 silly config load:file:/Users/jb/Documents/digemaggies/.npmrc
5 silly config load:file:/Users/jb/.npmrc
6 silly config load:file:/Users/jb/.nvm/versions/node/v22.19.0/etc/npmrc
7 verbose title npm install react react-dom react-router-dom lucide-react chart.js react-chartjs-2
8 verbose argv "install" "react" "react-dom" "react-router-dom" "lucide-react" "chart.js" "react-chartjs-2" "--cache" "./tmp-npm-cache"
9 verbose logfile logs-max:10 dir:/Users/jb/Documents/digemaggies/tmp-npm-cache/_logs/2026-08-26T16_15_49_765Z-
10 verbose logfile /Users/jb/Documents/digemaggies/tmp-npm-cache/_logs/2026-08-26T16_15_49_765Z-debug-0.log
11 silly logfile done cleaning log files
12 silly packumentCache heap:2197815296 maxSize:549453824 maxEntrySize:274726912
13 silly idealTree buildDeps
14 silly fetch manifest react@*
15 silly packumentCache full:https://registry.npmjs.org/react cache-miss
16 http fetch GET 200 https://registry.npmjs.org/react 473ms (cache miss)
17 silly packumentCache full:https://registry.npmjs.org/react set size:undefined disposed:false
18 silly fetch manifest react-dom@*
19 silly packumentCache full:https://registry.npmjs.org/react-dom cache-miss
20 http fetch GET 200 https://registry.npmjs.org/react-dom 435ms (cache miss)
21 silly packumentCache full:https://registry.npmjs.org/react-dom set size:undefined disposed:false
22 silly fetch manifest react-router-dom@*
23 silly packumentCache full:https://registry.npmjs.org/react-router-dom cache-miss
24 http fetch GET 200 https://registry.npmjs.org/react-router-dom 140ms (cache miss)
25 silly packumentCache full:https://registry.npmjs.org/react-router-dom set size:undefined disposed:false
26 silly fetch manifest lucide-react@*
27 silly packumentCache full:https://registry.npmjs.org/lucide-react cache-miss
28 http fetch GET 200 https://registry.npmjs.org/lucide-react 194ms (cache miss)
29 silly packumentCache full:https://registry.npmjs.org/lucide-react set size:undefined disposed:false
30 silly fetch manifest chart.js@*
31 silly packumentCache full:https://registry.npmjs.org/chart.js cache-miss
32 http fetch GET 200 https://registry.npmjs.org/chart.js 84ms (cache miss)
33 silly packumentCache full:https://registry.npmjs.org/chart.js set size:undefined disposed:false
34 silly fetch manifest react-chartjs-2@*
35 silly packumentCache full:https://registry.npmjs.org/react-chartjs-2 cache-miss
36 http fetch GET 200 https://registry.npmjs.org/react-chartjs-2 52ms (cache miss)
37 silly packumentCache full:https://registry.npmjs.org/react-chartjs-2 set size:undefined disposed:false
38 silly placeDep ROOT chart.js@4.5.1 OK for: digem-aggies@1.0.0 want: *
39 silly placeDep ROOT lucide-react@1.34.0 OK for: digem-aggies@1.0.0 want: *
40 silly placeDep ROOT react@19.2.8 OK for: lucide-react@1.34.0 want: ^16.5.1 || ^17.0.0 || ^18.0.0 || ^19.0.0
41 silly placeDep ROOT react@19.2.8 REPLACE for: digem-aggies@1.0.0 want: *
42 silly placeDep ROOT react-chartjs-2@5.3.1 OK for: digem-aggies@1.0.0 want: *
43 silly placeDep ROOT react-dom@19.2.8 OK for: digem-aggies@1.0.0 want: *
44 silly placeDep ROOT react-router-dom@7.18.2 OK for: digem-aggies@1.0.0 want: *
45 silly fetch manifest @kurkle/color@^0.3.0
46 silly packumentCache full:https://registry.npmjs.org/@kurkle%2fcolor cache-miss
47 silly fetch manifest scheduler@^0.27.0
48 silly packumentCache full:https://registry.npmjs.org/scheduler cache-miss
49 silly fetch manifest react-router@7.18.2
50 silly packumentCache full:https://registry.npmjs.org/react-router cache-miss
51 http fetch GET 200 https://registry.npmjs.org/@kurkle%2fcolor 132ms (cache miss)
52 silly packumentCache full:https://registry.npmjs.org/@kurkle%2fcolor set size:undefined disposed:false
53 http fetch GET 200 https://registry.npmjs.org/react-router 355ms (cache miss)
54 silly packumentCache full:https://registry.npmjs.org/react-router set size:undefined disposed:false
55 http fetch GET 200 https://registry.npmjs.org/scheduler 394ms (cache miss)
56 silly packumentCache full:https://registry.npmjs.org/scheduler set size:undefined disposed:false
57 silly placeDep ROOT @kurkle/color@0.3.4 OK for: chart.js@4.5.1 want: ^0.3.0
58 silly placeDep ROOT scheduler@0.27.0 OK for: react-dom@19.2.8 want: ^0.27.0
59 silly fetch manifest react@>=18
60 silly packumentCache full:https://registry.npmjs.org/react cache-miss
61 http cache https://registry.npmjs.org/react 8ms (cache hit)
62 silly packumentCache full:https://registry.npmjs.org/react set size:6912425 disposed:false
63 silly fetch manifest react-dom@>=18
64 silly packumentCache full:https://registry.npmjs.org/react-dom cache-miss
65 http cache https://registry.npmjs.org/react-dom 9ms (cache hit)
66 silly packumentCache full:https://registry.npmjs.org/react-dom set size:9290775 disposed:false
67 silly placeDep ROOT react-router@7.18.2 OK for: react-router-dom@7.18.2 want: 7.18.2
68 silly fetch manifest cookie@^1.0.1
69 silly packumentCache full:https://registry.npmjs.org/cookie cache-miss
70 silly fetch manifest set-cookie-parser@^2.6.0
71 silly packumentCache full:https://registry.npmjs.org/set-cookie-parser cache-miss
72 http fetch GET 200 https://registry.npmjs.org/set-cookie-parser 34ms (cache miss)
73 silly packumentCache full:https://registry.npmjs.org/set-cookie-parser set size:undefined disposed:false
74 http fetch GET 200 https://registry.npmjs.org/cookie 41ms (cache miss)
75 silly packumentCache full:https://registry.npmjs.org/cookie set size:undefined disposed:false
76 silly placeDep ROOT cookie@1.1.1 OK for: react-router@7.18.2 want: ^1.0.1
77 silly placeDep ROOT set-cookie-parser@2.7.2 OK for: react-router@7.18.2 want: ^2.6.0
78 silly reify moves {}
79 silly audit bulk request {
79 silly audit   '@oxc-project/types': [ '0.147.0' ],
79 silly audit   '@rolldown/binding-android-arm-eabi': [ '1.2.6' ],
79 silly audit   '@rolldown/binding-android-arm64': [ '1.2.6' ],
79 silly audit   '@rolldown/binding-darwin-arm64': [ '1.2.6' ],
79 silly audit   '@rolldown/binding-darwin-x64': [ '1.2.6' ],
79 silly audit   '@rolldown/binding-freebsd-x64': [ '1.2.6' ],
79 silly audit   '@rolldown/binding-linux-arm-gnueabihf': [ '1.2.6' ],
79 silly audit   '@rolldown/binding-linux-arm64-gnu': [ '1.2.6' ],
79 silly audit   '@rolldown/binding-linux-arm64-musl': [ '1.2.6' ],
79 silly audit   '@rolldown/binding-linux-ppc64-gnu': [ '1.2.6' ],
79 silly audit   '@rolldown/binding-linux-s390x-gnu': [ '1.2.6' ],
79 silly audit   '@rolldown/binding-linux-x64-gnu': [ '1.2.6' ],
79 silly audit   '@rolldown/binding-linux-x64-musl': [ '1.2.6' ],
79 silly audit   '@rolldown/binding-openharmony-arm64': [ '1.2.6' ],
79 silly audit   '@rolldown/binding-win32-arm64-msvc': [ '1.2.6' ],
79 silly audit   '@rolldown/binding-win32-x64-msvc': [ '1.2.6' ],
79 silly audit   '@rolldown/pluginutils': [ '1.0.1' ],
79 silly audit   '@vitejs/plugin-react': [ '6.1.0' ],
79 silly audit   'detect-libc': [ '2.1.2' ],
79 silly audit   fdir: [ '6.5.0' ],
79 silly audit   fsevents: [ '2.3.2', '2.3.3' ],
79 silly audit   lightningcss: [ '1.33.0' ],
79 silly audit   'lightningcss-android-arm64': [ '1.33.0' ],
79 silly audit   'lightningcss-darwin-arm64': [ '1.33.0' ],
79 silly audit   'lightningcss-darwin-x64': [ '1.33.0' ],
79 silly audit   'lightningcss-freebsd-x64': [ '1.33.0' ],
79 silly audit   'lightningcss-linux-arm-gnueabihf': [ '1.33.0' ],
79 silly audit   'lightningcss-linux-arm64-gnu': [ '1.33.0' ],
79 silly audit   'lightningcss-linux-arm64-musl': [ '1.33.0' ],
79 silly audit   'lightningcss-linux-x64-gnu': [ '1.33.0' ],
79 silly audit   'lightningcss-linux-x64-musl': [ '1.33.0' ],
79 silly audit   'lightningcss-win32-arm64-msvc': [ '1.33.0' ],
79 silly audit   'lightningcss-win32-x64-msvc': [ '1.33.0' ],
79 silly audit   nanoid: [ '3.3.18' ],
79 silly audit   picocolors: [ '1.1.1' ],
79 silly audit   picomatch: [ '4.0.7' ],
79 silly audit   playwright: [ '1.62.1' ],
79 silly audit   'playwright-core': [ '1.62.1' ],
79 silly audit   postcss: [ '8.5.26' ],
79 silly audit   rolldown: [ '1.2.6' ],
79 silly audit   'source-map-js': [ '1.2.1' ],
79 silly audit   tinyglobby: [ '0.2.17' ],
79 silly audit   vite: [ '8.2.2' ],
79 silly audit   'chart.js': [ '4.5.1' ],
79 silly audit   'lucide-react': [ '1.34.0' ],
79 silly audit   react: [ '19.2.8' ],
79 silly audit   'react-chartjs-2': [ '5.3.1' ],
79 silly audit   'react-dom': [ '19.2.8' ],
79 silly audit   'react-router-dom': [ '7.18.2' ],
79 silly audit   '@kurkle/color': [ '0.3.4' ],
79 silly audit   scheduler: [ '0.27.0' ],
79 silly audit   'react-router': [ '7.18.2' ],
79 silly audit   cookie: [ '1.1.1' ],
79 silly audit   'set-cookie-parser': [ '2.7.2' ]
79 silly audit }
80 http cache set-cookie-parser@https://registry.npmjs.org/set-cookie-parser/-/set-cookie-parser-2.7.2.tgz 0ms (cache hit)
81 http cache cookie@https://registry.npmjs.org/cookie/-/cookie-1.1.1.tgz 0ms (cache hit)
82 http cache scheduler@https://registry.npmjs.org/scheduler/-/scheduler-0.27.0.tgz 0ms (cache hit)
83 http cache react-router@https://registry.npmjs.org/react-router/-/react-router-7.18.2.tgz 0ms (cache hit)
84 http cache react-router-dom@https://registry.npmjs.org/react-router-dom/-/react-router-dom-7.18.2.tgz 0ms (cache hit)
85 http cache @kurkle/color@https://registry.npmjs.org/@kurkle/color/-/color-0.3.4.tgz 0ms (cache hit)
86 http cache react-chartjs-2@https://registry.npmjs.org/react-chartjs-2/-/react-chartjs-2-5.3.1.tgz 0ms (cache hit)
87 http cache react@https://registry.npmjs.org/react/-/react-19.2.8.tgz 0ms (cache hit)
88 http cache lucide-react@https://registry.npmjs.org/lucide-react/-/lucide-react-1.34.0.tgz 0ms (cache hit)
89 http cache chart.js@https://registry.npmjs.org/chart.js/-/chart.js-4.5.1.tgz 0ms (cache hit)
90 http cache fsevents@https://registry.npmjs.org/fsevents/-/fsevents-2.3.3.tgz 0ms (cache hit)
91 http cache react-dom@https://registry.npmjs.org/react-dom/-/react-dom-19.2.8.tgz 0ms (cache hit)
92 silly tarball no local data for set-cookie-parser@https://registry.npmjs.org/set-cookie-parser/-/set-cookie-parser-2.7.2.tgz. Extracting by manifest.
93 silly tarball no local data for cookie@https://registry.npmjs.org/cookie/-/cookie-1.1.1.tgz. Extracting by manifest.
94 silly tarball no local data for scheduler@https://registry.npmjs.org/scheduler/-/scheduler-0.27.0.tgz. Extracting by manifest.
95 silly tarball no local data for react-router@https://registry.npmjs.org/react-router/-/react-router-7.18.2.tgz. Extracting by manifest.
96 silly tarball no local data for react-router-dom@https://registry.npmjs.org/react-router-dom/-/react-router-dom-7.18.2.tgz. Extracting by manifest.
97 silly tarball no local data for @kurkle/color@https://registry.npmjs.org/@kurkle/color/-/color-0.3.4.tgz. Extracting by manifest.
98 silly tarball no local data for react-chartjs-2@https://registry.npmjs.org/react-chartjs-2/-/react-chartjs-2-5.3.1.tgz. Extracting by manifest.
99 silly tarball no local data for react@https://registry.npmjs.org/react/-/react-19.2.8.tgz. Extracting by manifest.
100 silly tarball no local data for lucide-react@https://registry.npmjs.org/lucide-react/-/lucide-react-1.34.0.tgz. Extracting by manifest.
101 silly tarball no local data for chart.js@https://registry.npmjs.org/chart.js/-/chart.js-4.5.1.tgz. Extracting by manifest.
102 silly tarball no local data for react-dom@https://registry.npmjs.org/react-dom/-/react-dom-19.2.8.tgz. Extracting by manifest.
103 http fetch GET 200 https://registry.npmjs.org/set-cookie-parser/-/set-cookie-parser-2.7.2.tgz 33ms (cache miss)
104 http fetch GET 200 https://registry.npmjs.org/cookie/-/cookie-1.1.1.tgz 89ms (cache miss)
105 http fetch GET 200 https://registry.npmjs.org/scheduler/-/scheduler-0.27.0.tgz 117ms (cache miss)
106 http fetch GET 200 https://registry.npmjs.org/react/-/react-19.2.8.tgz 133ms (cache miss)
107 http fetch GET 200 https://registry.npmjs.org/react-chartjs-2/-/react-chartjs-2-5.3.1.tgz 134ms (cache miss)
108 http fetch POST 200 https://registry.npmjs.org/-/npm/v1/security/advisories/bulk 143ms
109 silly audit report {}
110 http fetch GET 200 https://registry.npmjs.org/react-router-dom/-/react-router-dom-7.18.2.tgz 144ms (cache miss)
111 http fetch GET 200 https://registry.npmjs.org/@kurkle/color/-/color-0.3.4.tgz 190ms (cache miss)
112 http fetch GET 200 https://registry.npmjs.org/chart.js/-/chart.js-4.5.1.tgz 387ms (cache miss)
113 http fetch GET 200 https://registry.npmjs.org/react-dom/-/react-dom-19.2.8.tgz 498ms (cache miss)
114 http fetch GET 200 https://registry.npmjs.org/react-router/-/react-router-7.18.2.tgz 615ms (cache miss)
115 http fetch GET 200 https://registry.npmjs.org/lucide-react/-/lucide-react-1.34.0.tgz 915ms (cache miss)
116 silly ADD node_modules/set-cookie-parser
117 silly ADD node_modules/cookie
118 silly ADD node_modules/react-router
119 silly ADD node_modules/scheduler
120 silly ADD node_modules/@kurkle/color
121 silly ADD node_modules/react-router-dom
122 silly ADD node_modules/react-dom
123 silly ADD node_modules/react-chartjs-2
124 silly ADD node_modules/react
125 silly ADD node_modules/lucide-react
126 silly ADD node_modules/chart.js
127 silly ADD node_modules/vite/node_modules/fsevents
128 verbose cwd /Users/jb/Documents/digemaggies
129 verbose os Darwin 25.3.0
130 verbose node v22.19.0
131 verbose npm  v11.6.2
132 verbose exit 0
133 info ok
